58.255.203.37 - - [03/Mar/2018:18:07:28 +0800] "GET / HTTP/1.1" 200 5194 "-" "Mozilla/5.0 (Windows NT 6.1; Win64; x64) AppleWebKit/537.36 (KHTML, like Gecko) Chrome/64.0.3282.119 Safari/537.36"
58.255.203.37 - - [03/Mar/2018:18:08:07 +0800] "GET /detail/7/ HTTP/1.1" 200 1849 "http://118.89.52.182/" "Mozilla/5.0 (Windows NT 6.1; Win64; x64) AppleWebKit/537.36 (KHTML, like Gecko) Chrome/64.0.3282.119 Safari/537.36"
58.255.203.37 - - [03/Mar/2018:18:08:07 +0800] "GET /static/css/detail.css HTTP/1.1" 304 0 "http://118.89.52.182/detail/7/" "Mozilla/5.0 (Windows NT 6.1; Win64; x64) AppleWebKit/537.36 (KHTML, like Gecko) Chrome/64.0.3282.119 Safari/537.36"
58.255.203.37 - - [03/Mar/2018:18:08:43 +0800] "GET /login/ HTTP/1.1" 200 1378 "http://118.89.52.182/detail/7/" "Mozilla/5.0 (Windows NT 6.1; Win64; x64) AppleWebKit/537.36 (KHTML, like Gecko) Chrome/64.0.3282.119 Safari/537.36"
58.255.203.37 - - [03/Mar/2018:18:08:47 +0800] "GET /register/ HTTP/1.1" 200 1421 "http://118.89.52.182/login/" "Mozilla/5.0 (Windows NT 6.1; Win64; x64) AppleWebKit/537.36 (KHTML, like Gecko) Chrome/64.0.3282.119 Safari/537.36"
58.255.203.37 - - [03/Mar/2018:18:08:50 +0800] "GET /login/ HTTP/1.1" 200 1378 "http://118.89.52.182/register/" "Mozilla/5.0 (Windows NT 6.1; Win64; x64) AppleWebKit/537.36 (KHTML, like Gecko) Chrome/64.0.3282.119 Safari/537.36"
58.255.203.37 - - [03/Mar/2018:18:08:54 +0800] "POST /login/ HTTP/1.1" 302 209 "http://118.89.52.182/login/" "Mozilla/5.0 (Windows NT 6.1; Win64; x64) AppleWebKit/537.36 (KHTML, like Gecko) Chrome/64.0.3282.119 Safari/537.36"
58.255.203.37 - - [03/Mar/2018:18:08:55 +0800] "GET / HTTP/1.1" 200 5188 "http://118.89.52.182/login/" "Mozilla/5.0 (Windows NT 6.1; Win64; x64) AppleWebKit/537.36 (KHTML, like Gecko) Chrome/64.0.3282.119 Safari/537.36"
58.255.203.37 - - [03/Mar/2018:18:08:58 +0800] "GET /detail/4/ HTTP/1.1" 200 2700 "http://118.89.52.182/" "Mozilla/5.0 (Windows NT 6.1; Win64; x64) AppleWebKit/537.36 (KHTML, like Gecko) Chrome/64.0.3282.119 Safari/537.36"
58.255.203.37 - - [03/Mar/2018:18:09:12 +0800] "POST /add_answer/ HTTP/1.1" 302 227 "http://118.89.52.182/detail/4/" "Mozilla/5.0 (Windows NT 6.1; Win64; x64) AppleWebKit/537.36 (KHTML, like Gecko) Chrome/64.0.3282.119 Safari/537.36"
58.255.203.37 - - [03/Mar/2018:18:09:12 +0800] "GET /detail/4/ HTTP/1.1" 200 2738 "http://118.89.52.182/detail/4/" "Mozilla/5.0 (Windows NT 6.1; Win64; x64) AppleWebKit/537.36 (KHTML, like Gecko) Chrome/64.0.3282.119 Safari/537.36"
58.255.203.37 - - [03/Mar/2018:18:09:17 +0800] "GET /logout/ HTTP/1.1" 302 221 "http://118.89.52.182/detail/4/" "Mozilla/5.0 (Windows NT 6.1; Win64; x64) AppleWebKit/537.36 (KHTML, like Gecko) Chrome/64.0.3282.119 Safari/537.36"
58.255.203.37 - - [03/Mar/2018:18:09:17 +0800] "GET /login/ HTTP/1.1" 200 1378 "http://118.89.52.182/detail/4/" "Mozilla/5.0 (Windows NT 6.1; Win64; x64) AppleWebKit/537.36 (KHTML, like Gecko) Chrome/64.0.3282.119 Safari/537.36"
58.255.203.37 - - [03/Mar/2018:18:09:19 +0800] "GET /register/ HTTP/1.1" 200 1421 "http://118.89.52.182/login/" "Mozilla/5.0 (Windows NT 6.1; Win64; x64) AppleWebKit/537.36 (KHTML, like Gecko) Chrome/64.0.3282.119 Safari/537.36"
82.15.190.59 - - [03/Mar/2018:18:09:23 +0800] "POST / HTTP/1.1" 405 178 "-" "Mozilla/5.0 (Windows NT 10.0; WOW64; Trident/7.0; rv:11.0) like Gecko"
58.255.203.37 - - [03/Mar/2018:18:09:23 +0800] "GET /login/ HTTP/1.1" 200 1378 "http://118.89.52.182/register/" "Mozilla/5.0 (Windows NT 6.1; Win64; x64) AppleWebKit/537.36 (KHTML, like Gecko) Chrome/64.0.3282.119 Safari/537.36"
58.255.203.37 - - [03/Mar/2018:18:09:32 +0800] "POST /login/ HTTP/1.1" 302 209 "http://118.89.52.182/login/" "Mozilla/5.0 (Windows NT 6.1; Win64; x64) AppleWebKit/537.36 (KHTML, like Gecko) Chrome/64.0.3282.119 Safari/537.36"
58.255.203.37 - - [03/Mar/2018:18:09:33 +0800] "GET / HTTP/1.1" 200 5188 "http://118.89.52.182/login/" "Mozilla/5.0 (Windows NT 6.1; Win64; x64) AppleWebKit/537.36 (KHTML, like Gecko) Chrome/64.0.3282.119 Safari/537.36"
82.15.190.59 - - [03/Mar/2018:18:11:25 +0800] "POST / HTTP/1.1" 405 178 "-" "Mozilla/5.0 (Windows NT 10.0; WOW64; Trident/7.0; rv:11.0) like Gecko"
82.15.190.59 - - [03/Mar/2018:18:13:29 +0800] "POST / HTTP/1.1" 405 178 "-" "Mozilla/5.0 (Windows NT 10.0; WOW64; Trident/7.0; rv:11.0) like Gecko"
82.15.190.59 - - [03/Mar/2018:18:15:44 +0800] "POST / HTTP/1.1" 405 178 "-" "Mozilla/5.0 (Windows NT 10.0; WOW64; Trident/7.0; rv:11.0) like Gecko"
58.255.203.37 - - [03/Mar/2018:18:17:04 +0800] "GET /detail/7/ HTTP/1.1" 504 594 "http://118.89.52.182/" "Mozilla/5.0 (Windows NT 6.1; Win64; x64) AppleWebKit/537.36 (KHTML, like Gecko) Chrome/64.0.3282.119 Safari/537.36"
82.15.190.59 - - [03/Mar/2018:18:17:50 +0800] "POST / HTTP/1.1" 405 178 "-" "Mozilla/5.0 (Windows NT 10.0; WOW64; Trident/7.0; rv:11.0) like Gecko"
58.255.203.37 - - [03/Mar/2018:18:19:35 +0800] "GET /detail/7/ HTTP/1.1" 502 584 "-" "Mozilla/5.0 (Windows NT 6.1; Win64; x64) AppleWebKit/537.36 (KHTML, like Gecko) Chrome/64.0.3282.119 Safari/537.36"
82.15.190.59 - - [03/Mar/2018:18:21:52 +0800] "POST / HTTP/1.1" 502 182 "-" "Mozilla/5.0 (Windows NT 10.0; WOW64; Trident/7.0; rv:11.0) like Gecko"
177.183.225.185 - - [03/Mar/2018:18:23:25 +0800] "GET / HTTP/1.0" 502 584 "-" "Mozilla/5.0 (compatible; MSIE 9.0; Windows NT 6.1; WOW64; Trident/5.0)"
58.255.203.37 - - [03/Mar/2018:18:23:34 +0800] "GET /detail/7/ HTTP/1.1" 502 584 "-" "Mozilla/5.0 (Windows NT 6.1; Win64; x64) AppleWebKit/537.36 (KHTML, like Gecko) Chrome/64.0.3282.119 Safari/537.36"
82.15.190.59 - - [03/Mar/2018:18:23:53 +0800] "POST / HTTP/1.1" 502 182 "-" "Mozilla/5.0 (Windows NT 10.0; WOW64; Trident/7.0; rv:11.0) like Gecko"
82.15.190.59 - - [03/Mar/2018:18:25:53 +0800] "POST / HTTP/1.1" 502 182 "-" "Mozilla/5.0 (Windows NT 10.0; WOW64; Trident/7.0; rv:11.0) like Gecko"
82.15.190.59 - - [03/Mar/2018:18:27:54 +0800] "POST / HTTP/1.1" 502 182 "-" "Mozilla/5.0 (Windows NT 10.0; WOW64; Trident/7.0; rv:11.0) like Gecko"
82.15.190.59 - - [03/Mar/2018:18:29:55 +0800] "POST / HTTP/1.1" 502 182 "-" "Mozilla/5.0 (Windows NT 10.0; WOW64; Trident/7.0; rv:11.0) like Gecko"
82.15.190.59 - - [03/Mar/2018:18:31:55 +0800] "POST / HTTP/1.1" 502 182 "-" "Mozilla/5.0 (Windows NT 10.0; WOW64; Trident/7.0; rv:11.0) like Gecko"
82.15.190.59 - - [03/Mar/2018:18:33:56 +0800] "POST / HTTP/1.1" 502 182 "-" "Mozilla/5.0 (Windows NT 10.0; WOW64; Trident/7.0; rv:11.0) like Gecko"
82.15.190.59 - - [03/Mar/2018:18:35:56 +0800] "POST / HTTP/1.1" 502 182 "-" "Mozilla/5.0 (Windows NT 10.0; WOW64; Trident/7.0; rv:11.0) like Gecko"
82.15.190.59 - - [03/Mar/2018:18:37:57 +0800] "POST / HTTP/1.1" 502 182 "-" "Mozilla/5.0 (Windows NT 10.0; WOW64; Trident/7.0; rv:11.0) like Gecko"
82.15.190.59 - - [03/Mar/2018:18:39:58 +0800] "POST / HTTP/1.1" 502 182 "-" "Mozilla/5.0 (Windows NT 10.0; WOW64; Trident/7.0; rv:11.0) like Gecko"
82.15.190.59 - - [03/Mar/2018:18:41:58 +0800] "POST / HTTP/1.1" 502 182 "-" "Mozilla/5.0 (Windows NT 10.0; WOW64; Trident/7.0; rv:11.0) like Gecko"
82.15.190.59 - - [03/Mar/2018:18:43:59 +0800] "POST / HTTP/1.1" 502 182 "-" "Mozilla/5.0 (Windows NT 10.0; WOW64; Trident/7.0; rv:11.0) like Gecko"
82.15.190.59 - - [03/Mar/2018:18:46:00 +0800] "POST / HTTP/1.1" 502 182 "-" "Mozilla/5.0 (Windows NT 10.0; WOW64; Trident/7.0; rv:11.0) like Gecko"
82.15.190.59 - - [03/Mar/2018:18:48:00 +0800] "POST / HTTP/1.1" 502 182 "-" "Mozilla/5.0 (Windows NT 10.0; WOW64; Trident/7.0; rv:11.0) like Gecko"
82.15.190.59 - - [03/Mar/2018:18:50:01 +0800] "POST / HTTP/1.1" 502 182 "-" "Mozilla/5.0 (Windows NT 10.0; WOW64; Trident/7.0; rv:11.0) like Gecko"
82.15.190.59 - - [03/Mar/2018:18:52:01 +0800] "POST / HTTP/1.1" 502 182 "-" "Mozilla/5.0 (Windows NT 10.0; WOW64; Trident/7.0; rv:11.0) like Gecko"
82.15.190.59 - - [03/Mar/2018:18:54:02 +0800] "POST / HTTP/1.1" 502 182 "-" "Mozilla/5.0 (Windows NT 10.0; WOW64; Trident/7.0; rv:11.0) like Gecko"
82.15.190.59 - - [03/Mar/2018:18:56:03 +0800] "POST / HTTP/1.1" 502 182 "-" "Mozilla/5.0 (Windows NT 10.0; WOW64; Trident/7.0; rv:11.0) like Gecko"
82.15.190.59 - - [03/Mar/2018:18:58:03 +0800] "POST / HTTP/1.1" 502 182 "-" "Mozilla/5.0 (Windows NT 10.0; WOW64; Trident/7.0; rv:11.0) like Gecko"
82.15.190.59 - - [03/Mar/2018:19:00:04 +0800] "POST / HTTP/1.1" 502 182 "-" "Mozilla/5.0 (Windows NT 10.0; WOW64; Trident/7.0; rv:11.0) like Gecko"
82.15.190.59 - - [03/Mar/2018:19:02:05 +0800] "POST / HTTP/1.1" 502 182 "-" "Mozilla/5.0 (Windows NT 10.0; WOW64; Trident/7.0; rv:11.0) like Gecko"
82.15.190.59 - - [03/Mar/2018:19:04:05 +0800] "POST / HTTP/1.1" 502 182 "-" "Mozilla/5.0 (Windows NT 10.0; WOW64; Trident/7.0; rv:11.0) like Gecko"
82.15.190.59 - - [03/Mar/2018:19:06:06 +0800] "POST / HTTP/1.1" 502 182 "-" "Mozilla/5.0 (Windows NT 10.0; WOW64; Trident/7.0; rv:11.0) like Gecko"
82.15.190.59 - - [03/Mar/2018:19:08:07 +0800] "POST / HTTP/1.1" 502 182 "-" "Mozilla/5.0 (Windows NT 10.0; WOW64; Trident/7.0; rv:11.0) like Gecko"
82.15.190.59 - - [03/Mar/2018:19:10:07 +0800] "POST / HTTP/1.1" 502 182 "-" "Mozilla/5.0 (Windows NT 10.0; WOW64; Trident/7.0; rv:11.0) like Gecko"
82.15.190.59 - - [03/Mar/2018:19:12:08 +0800] "POST / HTTP/1.1" 502 182 "-" "Mozilla/5.0 (Windows NT 10.0; WOW64; Trident/7.0; rv:11.0) like Gecko"
82.15.190.59 - - [03/Mar/2018:19:14:08 +0800] "POST / HTTP/1.1" 502 182 "-" "Mozilla/5.0 (Windows NT 10.0; WOW64; Trident/7.0; rv:11.0) like Gecko"
82.15.190.59 - - [03/Mar/2018:19:16:09 +0800] "POST / HTTP/1.1" 502 182 "-" "Mozilla/5.0 (Windows NT 10.0; WOW64; Trident/7.0; rv:11.0) like Gecko"
82.15.190.59 - - [03/Mar/2018:19:18:10 +0800] "POST / HTTP/1.1" 502 182 "-" "Mozilla/5.0 (Windows NT 10.0; WOW64; Trident/7.0; rv:11.0) like Gecko"
82.15.190.59 - - [03/Mar/2018:19:20:10 +0800] "POST / HTTP/1.1" 502 182 "-" "Mozilla/5.0 (Windows NT 10.0; WOW64; Trident/7.0; rv:11.0) like Gecko"
163.177.13.2 - - [03/Mar/2018:19:20:11 +0800] "HEAD / HTTP/1.1" 502 0 "-" "curl/7.19.7 (x86_64-redhat-linux-gnu) libcurl/7.19.7 NSS/3.13.1.0 zlib/1.2.3 libidn/1.18 libssh2/1.2.2"
82.15.190.59 - - [03/Mar/2018:19:22:11 +0800] "POST / HTTP/1.1" 502 182 "-" "Mozilla/5.0 (Windows NT 10.0; WOW64; Trident/7.0; rv:11.0) like Gecko"
82.15.190.59 - - [03/Mar/2018:19:24:12 +0800] "POST / HTTP/1.1" 502 182 "-" "Mozilla/5.0 (Windows NT 10.0; WOW64; Trident/7.0; rv:11.0) like Gecko"
82.15.190.59 - - [03/Mar/2018:19:26:12 +0800] "POST / HTTP/1.1" 502 182 "-" "Mozilla/5.0 (Windows NT 10.0; WOW64; Trident/7.0; rv:11.0) like Gecko"
82.15.190.59 - - [03/Mar/2018:19:28:13 +0800] "POST / HTTP/1.1" 502 182 "-" "Mozilla/5.0 (Windows NT 10.0; WOW64; Trident/7.0; rv:11.0) like Gecko"
82.15.190.59 - - [03/Mar/2018:19:30:13 +0800] "POST / HTTP/1.1" 502 182 "-" "Mozilla/5.0 (Windows NT 10.0; WOW64; Trident/7.0; rv:11.0) like Gecko"
82.15.190.59 - - [03/Mar/2018:19:32:14 +0800] "POST / HTTP/1.1" 502 182 "-" "Mozilla/5.0 (Windows NT 10.0; WOW64; Trident/7.0; rv:11.0) like Gecko"
82.15.190.59 - - [03/Mar/2018:19:34:15 +0800] "POST / HTTP/1.1" 502 182 "-" "Mozilla/5.0 (Windows NT 10.0; WOW64; Trident/7.0; rv:11.0) like Gecko"
82.15.190.59 - - [03/Mar/2018:19:36:15 +0800] "POST / HTTP/1.1" 502 182 "-" "Mozilla/5.0 (Windows NT 10.0; WOW64; Trident/7.0; rv:11.0) like Gecko"
82.15.190.59 - - [03/Mar/2018:19:38:16 +0800] "POST / HTTP/1.1" 502 182 "-" "Mozilla/5.0 (Windows NT 10.0; WOW64; Trident/7.0; rv:11.0) like Gecko"
82.15.190.59 - - [03/Mar/2018:19:40:17 +0800] "POST / HTTP/1.1" 502 182 "-" "Mozilla/5.0 (Windows NT 10.0; WOW64; Trident/7.0; rv:11.0) like Gecko"
82.15.190.59 - - [03/Mar/2018:19:42:17 +0800] "POST / HTTP/1.1" 502 182 "-" "Mozilla/5.0 (Windows NT 10.0; WOW64; Trident/7.0; rv:11.0) like Gecko"
82.15.190.59 - - [03/Mar/2018:19:44:18 +0800] "POST / HTTP/1.1" 502 182 "-" "Mozilla/5.0 (Windows NT 10.0; WOW64; Trident/7.0; rv:11.0) like Gecko"
82.15.190.59 - - [03/Mar/2018:19:46:19 +0800] "POST / HTTP/1.1" 502 182 "-" "Mozilla/5.0 (Windows NT 10.0; WOW64; Trident/7.0; rv:11.0) like Gecko"
82.15.190.59 - - [03/Mar/2018:19:48:19 +0800] "POST / HTTP/1.1" 502 182 "-" "Mozilla/5.0 (Windows NT 10.0; WOW64; Trident/7.0; rv:11.0) like Gecko"
82.15.190.59 - - [03/Mar/2018:19:50:20 +0800] "POST / HTTP/1.1" 502 182 "-" "Mozilla/5.0 (Windows NT 10.0; WOW64; Trident/7.0; rv:11.0) like Gecko"
58.255.203.37 - - [03/Mar/2018:19:52:20 +0800] "GET /detail/7/ HTTP/1.1" 200 1850 "-" "Mozilla/5.0 (Windows NT 6.1; Win64; x64) AppleWebKit/537.36 (KHTML, like Gecko) Chrome/64.0.3282.119 Safari/537.36"
82.15.190.59 - - [03/Mar/2018:19:52:20 +0800] "POST / HTTP/1.1" 405 178 "-" "Mozilla/5.0 (Windows NT 10.0; WOW64; Trident/7.0; rv:11.0) like Gecko"
58.255.203.37 - - [03/Mar/2018:19:52:25 +0800] "GET /question/ HTTP/1.1" 200 1377 "http://118.89.52.182/detail/7/" "Mozilla/5.0 (Windows NT 6.1; Win64; x64) AppleWebKit/537.36 (KHTML, like Gecko) Chrome/64.0.3282.119 Safari/537.36"
58.255.203.37 - - [03/Mar/2018:19:52:27 +0800] "GET / HTTP/1.1" 200 5188 "http://118.89.52.182/question/" "Mozilla/5.0 (Windows NT 6.1; Win64; x64) AppleWebKit/537.36 (KHTML, like Gecko) Chrome/64.0.3282.119 Safari/537.36"
58.255.203.37 - - [03/Mar/2018:19:52:29 +0800] "GET /detail/5/ HTTP/1.1" 200 2287 "http://118.89.52.182/" "Mozilla/5.0 (Windows NT 6.1; Win64; x64) AppleWebKit/537.36 (KHTML, like Gecko) Chrome/64.0.3282.119 Safari/537.36"
82.15.190.59 - - [03/Mar/2018:19:54:21 +0800] "POST / HTTP/1.1" 405 178 "-" "Mozilla/5.0 (Windows NT 10.0; WOW64; Trident/7.0; rv:11.0) like Gecko"
82.15.190.59 - - [03/Mar/2018:19:56:22 +0800] "POST / HTTP/1.1" 405 178 "-" "Mozilla/5.0 (Windows NT 10.0; WOW64; Trident/7.0; rv:11.0) like Gecko"
82.15.190.59 - - [03/Mar/2018:19:58:22 +0800] "POST / HTTP/1.1" 405 178 "-" "Mozilla/5.0 (Windows NT 10.0; WOW64; Trident/7.0; rv:11.0) like Gecko"
82.15.190.59 - - [03/Mar/2018:20:00:23 +0800] "POST / HTTP/1.1" 405 178 "-" "Mozilla/5.0 (Windows NT 10.0; WOW64; Trident/7.0; rv:11.0) like Gecko"
82.15.190.59 - - [03/Mar/2018:20:02:24 +0800] "POST / HTTP/1.1" 405 178 "-" "Mozilla/5.0 (Windows NT 10.0; WOW64; Trident/7.0; rv:11.0) like Gecko"
58.255.203.37 - - [03/Mar/2018:20:03:30 +0800] "GET /question/ HTTP/1.1" 200 1377 "http://118.89.52.182/detail/5/" "Mozilla/5.0 (Windows NT 6.1; Win64; x64) AppleWebKit/537.36 (KHTML, like Gecko) Chrome/64.0.3282.119 Safari/537.36"
58.255.203.37 - - [03/Mar/2018:20:03:31 +0800] "GET / HTTP/1.1" 200 5188 "http://118.89.52.182/question/" "Mozilla/5.0 (Windows NT 6.1; Win64; x64) AppleWebKit/537.36 (KHTML, like Gecko) Chrome/64.0.3282.119 Safari/537.36"
82.15.190.59 - - [03/Mar/2018:20:04:24 +0800] "POST / HTTP/1.1" 405 178 "-" "Mozilla/5.0 (Windows NT 10.0; WOW64; Trident/7.0; rv:11.0) like Gecko"
82.15.190.59 - - [03/Mar/2018:20:06:25 +0800] "POST / HTTP/1.1" 405 178 "-" "Mozilla/5.0 (Windows NT 10.0; WOW64; Trident/7.0; rv:11.0) like Gecko"
82.15.190.59 - - [03/Mar/2018:20:08:26 +0800] "POST / HTTP/1.1" 405 178 "-" "Mozilla/5.0 (Windows NT 10.0; WOW64; Trident/7.0; rv:11.0) like Gecko"
82.15.190.59 - - [03/Mar/2018:20:10:26 +0800] "POST / HTTP/1.1" 405 178 "-" "Mozilla/5.0 (Windows NT 10.0; WOW64; Trident/7.0; rv:11.0) like Gecko"
82.15.190.59 - - [03/Mar/2018:20:12:27 +0800] "POST / HTTP/1.1" 405 178 "-" "Mozilla/5.0 (Windows NT 10.0; WOW64; Trident/7.0; rv:11.0) like Gecko"
82.15.190.59 - - [03/Mar/2018:20:14:28 +0800] "POST / HTTP/1.1" 405 178 "-" "Mozilla/5.0 (Windows NT 10.0; WOW64; Trident/7.0; rv:11.0) like Gecko"
82.15.190.59 - - [03/Mar/2018:20:16:28 +0800] "POST / HTTP/1.1" 405 178 "-" "Mozilla/5.0 (Windows NT 10.0; WOW64; Trident/7.0; rv:11.0) like Gecko"
82.15.190.59 - - [03/Mar/2018:20:18:29 +0800] "POST / HTTP/1.1" 405 178 "-" "Mozilla/5.0 (Windows NT 10.0; WOW64; Trident/7.0; rv:11.0) like Gecko"
82.15.190.59 - - [03/Mar/2018:20:20:30 +0800] "POST / HTTP/1.1" 405 178 "-" "Mozilla/5.0 (Windows NT 10.0; WOW64; Trident/7.0; rv:11.0) like Gecko"
82.15.190.59 - - [03/Mar/2018:20:22:30 +0800] "POST / HTTP/1.1" 405 178 "-" "Mozilla/5.0 (Windows NT 10.0; WOW64; Trident/7.0; rv:11.0) like Gecko"
58.255.203.37 - - [03/Mar/2018:20:23:52 +0800] "GET /detail/7/ HTTP/1.1" 200 1850 "http://118.89.52.182/" "Mozilla/5.0 (Windows NT 6.1; Win64; x64) AppleWebKit/537.36 (KHTML, like Gecko) Chrome/64.0.3282.119 Safari/537.36"
82.15.190.59 - - [03/Mar/2018:20:24:31 +0800] "POST / HTTP/1.1" 405 178 "-" "Mozilla/5.0 (Windows NT 10.0; WOW64; Trident/7.0; rv:11.0) like Gecko"
82.15.190.59 - - [03/Mar/2018:20:26:31 +0800] "POST / HTTP/1.1" 405 178 "-" "Mozilla/5.0 (Windows NT 10.0; WOW64; Trident/7.0; rv:11.0) like Gecko"
82.15.190.59 - - [03/Mar/2018:20:28:32 +0800] "POST / HTTP/1.1" 405 178 "-" "Mozilla/5.0 (Windows NT 10.0; WOW64; Trident/7.0; rv:11.0) like Gecko"
58.255.203.37 - - [03/Mar/2018:20:29:03 +0800] "GET /detail/7/ HTTP/1.1" 502 584 "-" "Mozilla/5.0 (Windows NT 6.1; Win64; x64) AppleWebKit/537.36 (KHTML, like Gecko) Chrome/64.0.3282.119 Safari/537.36"
82.15.190.59 - - [03/Mar/2018:20:30:33 +0800] "POST / HTTP/1.1" 405 178 "-" "Mozilla/5.0 (Windows NT 10.0; WOW64; Trident/7.0; rv:11.0) like Gecko"
82.15.190.59 - - [03/Mar/2018:20:32:33 +0800] "POST / HTTP/1.1" 405 178 "-" "Mozilla/5.0 (Windows NT 10.0; WOW64; Trident/7.0; rv:11.0) like Gecko"
58.255.203.37 - - [03/Mar/2018:20:34:14 +0800] "GET /detail/7/ HTTP/1.1" 200 1850 "-" "Mozilla/5.0 (Windows NT 6.1; Win64; x64) AppleWebKit/537.36 (KHTML, like Gecko) Chrome/64.0.3282.119 Safari/537.36"
58.255.203.37 - - [03/Mar/2018:20:34:25 +0800] "POST /add_answer/ HTTP/1.1" 302 227 "http://118.89.52.182/detail/7/" "Mozilla/5.0 (Windows NT 6.1; Win64; x64) AppleWebKit/537.36 (KHTML, like Gecko) Chrome/64.0.3282.119 Safari/537.36"
58.255.203.37 - - [03/Mar/2018:20:34:25 +0800] "GET /detail/7/ HTTP/1.1" 200 1896 "http://118.89.52.182/detail/7/" "Mozilla/5.0 (Windows NT 6.1; Win64; x64) AppleWebKit/537.36 (KHTML, like Gecko) Chrome/64.0.3282.119 Safari/537.36"
82.15.190.59 - - [03/Mar/2018:20:34:34 +0800] "POST / HTTP/1.1" 405 178 "-" "Mozilla/5.0 (Windows NT 10.0; WOW64; Trident/7.0; rv:11.0) like Gecko"
58.255.203.37 - - [03/Mar/2018:20:34:42 +0800] "GET /search/?q=nba HTTP/1.1" 200 1478 "http://118.89.52.182/detail/7/" "Mozilla/5.0 (Windows NT 6.1; Win64; x64) AppleWebKit/537.36 (KHTML, like Gecko) Chrome/64.0.3282.119 Safari/537.36"
58.255.203.37 - - [03/Mar/2018:20:34:44 +0800] "GET /detail/7/ HTTP/1.1" 200 1896 "http://118.89.52.182/search/?q=nba" "Mozilla/5.0 (Windows NT 6.1; Win64; x64) AppleWebKit/537.36 (KHTML, like Gecko) Chrome/64.0.3282.119 Safari/537.36"
82.15.190.59 - - [03/Mar/2018:20:36:35 +0800] "POST / HTTP/1.1" 405 178 "-" "Mozilla/5.0 (Windows NT 10.0; WOW64; Trident/7.0; rv:11.0) like Gecko"
82.15.190.59 - - [03/Mar/2018:20:38:35 +0800] "POST / HTTP/1.1" 405 178 "-" "Mozilla/5.0 (Windows NT 10.0; WOW64; Trident/7.0; rv:11.0) like Gecko"
82.15.190.59 - - [03/Mar/2018:20:40:36 +0800] "POST / HTTP/1.1" 405 178 "-" "Mozilla/5.0 (Windows NT 10.0; WOW64; Trident/7.0; rv:11.0) like Gecko"
183.57.53.197 - - [03/Mar/2018:20:40:59 +0800] "GET / HTTP/1.1" 200 5194 "-" "Mozilla/5.0 (iPhone; CPU iPhone OS 9_3_4 like Mac OS X) AppleWebKit/601.1.46 (KHTML, like Gecko) Mobile/13G35 QQ/6.5.3.410 V1_IPH_SQ_6.5.3_1_APP_A Pixel/750 Core/UIWebView NetType/2G Mem/117"
58.255.203.37 - - [03/Mar/2018:20:42:18 +0800] "GET /detail/7/ HTTP/1.1" 200 1896 "-" "Mozilla/5.0 (Windows NT 6.1; Win64; x64) AppleWebKit/537.36 (KHTML, like Gecko) Chrome/64.0.3282.119 Safari/537.36"
58.255.203.37 - - [03/Mar/2018:20:42:20 +0800] "GET / HTTP/1.1" 200 5188 "http://118.89.52.182/detail/7/" "Mozilla/5.0 (Windows NT 6.1; Win64; x64) AppleWebKit/537.36 (KHTML, like Gecko) Chrome/64.0.3282.119 Safari/537.36"
58.255.203.37 - - [03/Mar/2018:20:42:21 +0800] "GET /question/ HTTP/1.1" 200 1377 "http://118.89.52.182/" "Mozilla/5.0 (Windows NT 6.1; Win64; x64) AppleWebKit/537.36 (KHTML, like Gecko) Chrome/64.0.3282.119 Safari/537.36"
82.15.190.59 - - [03/Mar/2018:20:42:37 +0800] "POST / HTTP/1.1" 405 178 "-" "Mozilla/5.0 (Windows NT 10.0; WOW64; Trident/7.0; rv:11.0) like Gecko"
58.255.203.37 - - [03/Mar/2018:20:42:45 +0800] "POST /question/ HTTP/1.1" 302 209 "http://118.89.52.182/question/" "Mozilla/5.0 (Windows NT 6.1; Win64; x64) AppleWebKit/537.36 (KHTML, like Gecko) Chrome/64.0.3282.119 Safari/537.36"
58.255.203.37 - - [03/Mar/2018:20:42:45 +0800] "GET / HTTP/1.1" 200 6344 "http://118.89.52.182/question/" "Mozilla/5.0 (Windows NT 6.1; Win64; x64) AppleWebKit/537.36 (KHTML, like Gecko) Chrome/64.0.3282.119 Safari/537.36"
58.255.203.37 - - [03/Mar/2018:20:44:37 +0800] "GET /detail/8/ HTTP/1.1" 200 2757 "http://118.89.52.182/" "Mozilla/5.0 (Windows NT 6.1; Win64; x64) AppleWebKit/537.36 (KHTML, like Gecko) Chrome/64.0.3282.119 Safari/537.36"
58.255.203.37 - - [03/Mar/2018:20:44:37 +0800] "GET /static/css/base.css HTTP/1.1" 200 244 "http://118.89.52.182/detail/8/" "Mozilla/5.0 (Windows NT 6.1; Win64; x64) AppleWebKit/537.36 (KHTML, like Gecko) Chrome/64.0.3282.119 Safari/537.36"
58.255.203.37 - - [03/Mar/2018:20:44:37 +0800] "GET /static/images/zhiliao.png HTTP/1.1" 200 16845 "http://118.89.52.182/detail/8/" "Mozilla/5.0 (Windows NT 6.1; Win64; x64) AppleWebKit/537.36 (KHTML, like Gecko) Chrome/64.0.3282.119 Safari/537.36"
82.15.190.59 - - [03/Mar/2018:20:44:37 +0800] "POST / HTTP/1.1" 405 178 "-" "Mozilla/5.0 (Windows NT 10.0; WOW64; Trident/7.0; rv:11.0) like Gecko"
58.255.203.37 - - [03/Mar/2018:20:44:49 +0800] "POST /add_answer/ HTTP/1.1" 302 227 "http://118.89.52.182/detail/8/" "Mozilla/5.0 (Windows NT 6.1; Win64; x64) AppleWebKit/537.36 (KHTML, like Gecko) Chrome/64.0.3282.119 Safari/537.36"
58.255.203.37 - - [03/Mar/2018:20:44:49 +0800] "GET /detail/8/ HTTP/1.1" 200 2871 "http://118.89.52.182/detail/8/" "Mozilla/5.0 (Windows NT 6.1; Win64; x64) AppleWebKit/537.36 (KHTML, like Gecko) Chrome/64.0.3282.119 Safari/537.36"
58.255.203.37 - - [03/Mar/2018:20:45:00 +0800] "GET /search/?q=flask HTTP/1.1" 200 2657 "http://118.89.52.182/detail/8/" "Mozilla/5.0 (Windows NT 6.1; Win64; x64) AppleWebKit/537.36 (KHTML, like Gecko) Chrome/64.0.3282.119 Safari/537.36"
58.255.203.37 - - [03/Mar/2018:20:45:00 +0800] "GET /static/css/index.css HTTP/1.1" 200 560 "http://118.89.52.182/search/?q=flask" "Mozilla/5.0 (Windows NT 6.1; Win64; x64) AppleWebKit/537.36 (KHTML, like Gecko) Chrome/64.0.3282.119 Safari/537.36"
58.255.203.37 - - [03/Mar/2018:20:45:04 +0800] "GET /detail/8/ HTTP/1.1" 200 2871 "http://118.89.52.182/search/?q=flask" "Mozilla/5.0 (Windows NT 6.1; Win64; x64) AppleWebKit/537.36 (KHTML, like Gecko) Chrome/64.0.3282.119 Safari/537.36"
82.15.190.59 - - [03/Mar/2018:20:46:38 +0800] "POST / HTTP/1.1" 405 178 "-" "Mozilla/5.0 (Windows NT 10.0; WOW64; Trident/7.0; rv:11.0) like Gecko"
82.15.190.59 - - [03/Mar/2018:20:48:39 +0800] "POST / HTTP/1.1" 405 178 "-" "Mozilla/5.0 (Windows NT 10.0; WOW64; Trident/7.0; rv:11.0) like Gecko"
82.15.190.59 - - [03/Mar/2018:20:50:39 +0800] "POST / HTTP/1.1" 405 178 "-" "Mozilla/5.0 (Windows NT 10.0; WOW64; Trident/7.0; rv:11.0) like Gecko"
223.104.65.20 - - [03/Mar/2018:20:52:39 +0800] "GET / HTTP/1.1" 200 6342 "-" "Mozilla/5.0 (Linux; Android 8.0; STF-AL00 Build/HUAWEISTF-AL00; wv) AppleWebKit/537.36 (KHTML, like Gecko) Version/4.0 Chrome/57.0.2987.132 MQQBrowser/6.2 TBS/043807 Mobile Safari/537.36 V1_AND_SQ_7.5.0_794_YYB_D QQ/7.5.0.3430 NetType/4G WebP/0.3.0 Pixel/1080"
223.104.65.20 - - [03/Mar/2018:20:52:41 +0800] "GET /static/images/zhiliao.png HTTP/1.1" 304 0 "http://118.89.52.182/" "Mozilla/5.0 (Linux; Android 8.0; STF-AL00 Build/HUAWEISTF-AL00; wv) AppleWebKit/537.36 (KHTML, like Gecko) Version/4.0 Chrome/57.0.2987.132 MQQBrowser/6.2 TBS/043807 Mobile Safari/537.36 V1_AND_SQ_7.5.0_794_YYB_D QQ/7.5.0.3430 NetType/4G WebP/0.3.0 Pixel/1080"
113.83.101.244 - - [03/Mar/2018:20:53:09 +0800] "GET /detail/7/ HTTP/1.1" 200 1889 "http://118.89.52.182/" "Mozilla/5.0 (Linux; Android 8.0; STF-AL00 Build/HUAWEISTF-AL00; wv) AppleWebKit/537.36 (KHTML, like Gecko) Version/4.0 Chrome/57.0.2987.132 MQQBrowser/6.2 TBS/043807 Mobile Safari/537.36 V1_AND_SQ_7.5.0_794_YYB_D QQ/7.5.0.3430 NetType/4G WebP/0.3.0 Pixel/1080"
113.83.101.244 - - [03/Mar/2018:20:53:09 +0800] "GET /static/css/detail.css HTTP/1.1" 304 0 "http://118.89.52.182/detail/7/" "Mozilla/5.0 (Linux; Android 8.0; STF-AL00 Build/HUAWEISTF-AL00; wv) AppleWebKit/537.36 (KHTML, like Gecko) Version/4.0 Chrome/57.0.2987.132 MQQBrowser/6.2 TBS/043807 Mobile Safari/537.36 V1_AND_SQ_7.5.0_794_YYB_D QQ/7.5.0.3430 NetType/4G WebP/0.3.0 Pixel/1080"
223.104.65.20 - - [03/Mar/2018:20:54:06 +0800] "POST /add_answer/ HTTP/1.1" 302 227 "http://118.89.52.182/detail/7/" "Mozilla/5.0 (Linux; Android 8.0; STF-AL00 Build/HUAWEISTF-AL00; wv) AppleWebKit/537.36 (KHTML, like Gecko) Version/4.0 Chrome/57.0.2987.132 MQQBrowser/6.2 TBS/043807 Mobile Safari/537.36 V1_AND_SQ_7.5.0_794_YYB_D QQ/7.5.0.3430 NetType/4G WebP/0.3.0 Pixel/1080"
223.104.65.20 - - [03/Mar/2018:20:54:07 +0800] "GET /detail/7/ HTTP/1.1" 200 1920 "http://118.89.52.182/detail/7/" "Mozilla/5.0 (Linux; Android 8.0; STF-AL00 Build/HUAWEISTF-AL00; wv) AppleWebKit/537.36 (KHTML, like Gecko) Version/4.0 Chrome/57.0.2987.132 MQQBrowser/6.2 TBS/043807 Mobile Safari/537.36 V1_AND_SQ_7.5.0_794_YYB_D QQ/7.5.0.3430 NetType/4G WebP/0.3.0 Pixel/1080"
82.15.190.59 - - [03/Mar/2018:20:55:01 +0800] "POST / HTTP/1.1" 405 178 "-" "Mozilla/5.0 (Windows NT 10.0; WOW64; Trident/7.0; rv:11.0) like Gecko"
82.15.190.59 - - [03/Mar/2018:20:57:02 +0800] "POST / HTTP/1.1" 405 178 "-" "Mozilla/5.0 (Windows NT 10.0; WOW64; Trident/7.0; rv:11.0) like Gecko"
223.104.65.20 - - [03/Mar/2018:20:58:54 +0800] "GET / HTTP/1.1" 200 6342 "-" "Mozilla/5.0 (Linux; Android 8.0; STF-AL00 Build/HUAWEISTF-AL00; wv) AppleWebKit/537.36 (KHTML, like Gecko) Version/4.0 Chrome/57.0.2987.132 MQQBrowser/6.2 TBS/043807 Mobile Safari/537.36 V1_AND_SQ_7.5.0_794_YYB_D QQ/7.5.0.3430 NetType/4G WebP/0.3.0 Pixel/1080"
223.104.65.20 - - [03/Mar/2018:20:58:57 +0800] "GET /login/ HTTP/1.1" 200 1381 "http://118.89.52.182/" "Mozilla/5.0 (Linux; Android 8.0; STF-AL00 Build/HUAWEISTF-AL00; wv) AppleWebKit/537.36 (KHTML, like Gecko) Version/4.0 Chrome/57.0.2987.132 MQQBrowser/6.2 TBS/043807 Mobile Safari/537.36 V1_AND_SQ_7.5.0_794_YYB_D QQ/7.5.0.3430 NetType/4G WebP/0.3.0 Pixel/1080"
223.104.65.20 - - [03/Mar/2018:20:59:01 +0800] "GET / HTTP/1.1" 200 6342 "-" "Mozilla/5.0 (Linux; Android 8.0; STF-AL00 Build/HUAWEISTF-AL00; wv) AppleWebKit/537.36 (KHTML, like Gecko) Version/4.0 Chrome/57.0.2987.132 MQQBrowser/6.2 TBS/043807 Mobile Safari/537.36 V1_AND_SQ_7.5.0_794_YYB_D QQ/7.5.0.3430 NetType/4G WebP/0.3.0 Pixel/1080"
82.15.190.59 - - [03/Mar/2018:20:59:02 +0800] "POST / HTTP/1.1" 405 178 "-" "Mozilla/5.0 (Windows NT 10.0; WOW64; Trident/7.0; rv:11.0) like Gecko"
223.104.65.20 - - [03/Mar/2018:20:59:24 +0800] "GET /detail/6/ HTTP/1.1" 200 2310 "http://118.89.52.182/" "Mozilla/5.0 (Linux; Android 8.0; STF-AL00 Build/HUAWEISTF-AL00; wv) AppleWebKit/537.36 (KHTML, like Gecko) Version/4.0 Chrome/57.0.2987.132 MQQBrowser/6.2 TBS/043807 Mobile Safari/537.36 V1_AND_SQ_7.5.0_794_YYB_D QQ/7.5.0.3430 NetType/4G WebP/0.3.0 Pixel/1080"
119.147.207.144 - - [03/Mar/2018:20:59:24 +0800] "GET /detail/6 HTTP/1.1" 301 267 "-" "Mozilla/5.0 (iPhone; CPU iPhone OS 9_3_4 like Mac OS X) AppleWebKit/601.1.46 (KHTML, like Gecko) Mobile/13G35 QQ/6.5.3.410 V1_IPH_SQ_6.5.3_1_APP_A Pixel/750 Core/UIWebView NetType/2G Mem/117"
119.147.207.144 - - [03/Mar/2018:20:59:24 +0800] "GET /detail/6/ HTTP/1.1" 200 2317 "http://118.89.52.182/detail/6" "Mozilla/5.0 (iPhone; CPU iPhone OS 9_3_4 like Mac OS X) AppleWebKit/601.1.46 (KHTML, like Gecko) Mobile/13G35 QQ/6.5.3.410 V1_IPH_SQ_6.5.3_1_APP_A Pixel/750 Core/UIWebView NetType/2G Mem/117"
223.104.65.20 - - [03/Mar/2018:21:00:23 +0800] "GET / HTTP/1.1" 200 6342 "-" "Mozilla/5.0 (Linux; Android 8.0; STF-AL00 Build/HUAWEISTF-AL00; wv) AppleWebKit/537.36 (KHTML, like Gecko) Version/4.0 Chrome/57.0.2987.132 MQQBrowser/6.2 TBS/043807 Mobile Safari/537.36 V1_AND_SQ_7.5.0_794_YYB_D QQ/7.5.0.3430 NetType/4G WebP/0.3.0 Pixel/1080"
223.104.65.20 - - [03/Mar/2018:21:00:23 +0800] "GET /static/css/index.css HTTP/1.1" 304 0 "http://118.89.52.182/" "Mozilla/5.0 (Linux; Android 8.0; STF-AL00 Build/HUAWEISTF-AL00; wv) AppleWebKit/537.36 (KHTML, like Gecko) Version/4.0 Chrome/57.0.2987.132 MQQBrowser/6.2 TBS/043807 Mobile Safari/537.36 V1_AND_SQ_7.5.0_794_YYB_D QQ/7.5.0.3430 NetType/4G WebP/0.3.0 Pixel/1080"
223.104.65.20 - - [03/Mar/2018:21:00:31 +0800] "GET /detail/5/ HTTP/1.1" 200 2274 "http://118.89.52.182/" "Mozilla/5.0 (Linux; Android 8.0; STF-AL00 Build/HUAWEISTF-AL00; wv) AppleWebKit/537.36 (KHTML, like Gecko) Version/4.0 Chrome/57.0.2987.132 MQQBrowser/6.2 TBS/043807 Mobile Safari/537.36 V1_AND_SQ_7.5.0_794_YYB_D QQ/7.5.0.3430 NetType/4G WebP/0.3.0 Pixel/1080"
119.147.207.144 - - [03/Mar/2018:21:00:32 +0800] "GET /detail/5 HTTP/1.1" 301 267 "-" "Mozilla/5.0 (iPhone; CPU iPhone OS 9_3_4 like Mac OS X) AppleWebKit/601.1.46 (KHTML, like Gecko) Mobile/13G35 QQ/6.5.3.410 V1_IPH_SQ_6.5.3_1_APP_A Pixel/750 Core/UIWebView NetType/2G Mem/117"
119.147.207.144 - - [03/Mar/2018:21:00:32 +0800] "GET /detail/5/ HTTP/1.1" 200 2281 "http://118.89.52.182/detail/5" "Mozilla/5.0 (iPhone; CPU iPhone OS 9_3_4 like Mac OS X) AppleWebKit/601.1.46 (KHTML, like Gecko) Mobile/13G35 QQ/6.5.3.410 V1_IPH_SQ_6.5.3_1_APP_A Pixel/750 Core/UIWebView NetType/2G Mem/117"
82.15.190.59 - - [03/Mar/2018:21:01:03 +0800] "POST / HTTP/1.1" 405 178 "-" "Mozilla/5.0 (Windows NT 10.0; WOW64; Trident/7.0; rv:11.0) like Gecko"
120.204.17.71 - - [03/Mar/2018:21:01:31 +0800] "GET /detail/5 HTTP/1.1" 301 267 "-" "Mozilla/5.0 (Windows NT 6.1; WOW64; rv:50.0) Gecko/20100101 Firefox/50.0"
82.15.190.59 - - [03/Mar/2018:21:03:03 +0800] "POST / HTTP/1.1" 405 178 "-" "Mozilla/5.0 (Windows NT 10.0; WOW64; Trident/7.0; rv:11.0) like Gecko"
101.226.65.107 - - [03/Mar/2018:21:04:20 +0800] "GET /detail/5 HTTP/1.1" 301 267 "-" "Mozilla/5.0 (Macintosh; Intel Mac OS X 10_12_4) AppleWebKit/537.36 (KHTML, like Gecko) \x09\x09\x09Chrome/55.0.2883.95 Safari/537.36"
101.226.65.107 - - [03/Mar/2018:21:04:20 +0800] "GET /detail/5/ HTTP/1.1" 200 2281 "http://118.89.52.182/detail/5" "Mozilla/5.0 (Macintosh; Intel Mac OS X 10_12_4) AppleWebKit/537.36 (KHTML, like Gecko) \x09\x09\x09Chrome/55.0.2883.95 Safari/537.36"
82.15.190.59 - - [03/Mar/2018:21:05:04 +0800] "POST / HTTP/1.1" 405 178 "-" "Mozilla/5.0 (Windows NT 10.0; WOW64; Trident/7.0; rv:11.0) like Gecko"
82.15.190.59 - - [03/Mar/2018:21:07:05 +0800] "POST / HTTP/1.1" 405 178 "-" "Mozilla/5.0 (Windows NT 10.0; WOW64; Trident/7.0; rv:11.0) like Gecko"
82.15.190.59 - - [03/Mar/2018:21:09:05 +0800] "POST / HTTP/1.1" 405 178 "-" "Mozilla/5.0 (Windows NT 10.0; WOW64; Trident/7.0; rv:11.0) like Gecko"
82.15.190.59 - - [03/Mar/2018:21:11:06 +0800] "POST / HTTP/1.1" 405 178 "-" "Mozilla/5.0 (Windows NT 10.0; WOW64; Trident/7.0; rv:11.0) like Gecko"
82.15.190.59 - - [03/Mar/2018:21:13:06 +0800] "POST / HTTP/1.1" 405 178 "-" "Mozilla/5.0 (Windows NT 10.0; WOW64; Trident/7.0; rv:11.0) like Gecko"
82.15.190.59 - - [03/Mar/2018:21:15:07 +0800] "POST / HTTP/1.1" 405 178 "-" "Mozilla/5.0 (Windows NT 10.0; WOW64; Trident/7.0; rv:11.0) like Gecko"
82.15.190.59 - - [03/Mar/2018:21:17:08 +0800] "POST / HTTP/1.1" 405 178 "-" "Mozilla/5.0 (Windows NT 10.0; WOW64; Trident/7.0; rv:11.0) like Gecko"
82.15.190.59 - - [03/Mar/2018:21:19:08 +0800] "POST / HTTP/1.1" 405 178 "-" "Mozilla/5.0 (Windows NT 10.0; WOW64; Trident/7.0; rv:11.0) like Gecko"
82.15.190.59 - - [03/Mar/2018:21:21:09 +0800] "POST / HTTP/1.1" 405 178 "-" "Mozilla/5.0 (Windows NT 10.0; WOW64; Trident/7.0; rv:11.0) like Gecko"
82.15.190.59 - - [03/Mar/2018:21:23:13 +0800] "POST / HTTP/1.1" 405 178 "-" "Mozilla/5.0 (Windows NT 10.0; WOW64; Trident/7.0; rv:11.0) like Gecko"
82.15.190.59 - - [03/Mar/2018:21:25:13 +0800] "POST / HTTP/1.1" 405 178 "-" "Mozilla/5.0 (Windows NT 10.0; WOW64; Trident/7.0; rv:11.0) like Gecko"
82.15.190.59 - - [03/Mar/2018:21:27:14 +0800] "POST / HTTP/1.1" 405 178 "-" "Mozilla/5.0 (Windows NT 10.0; WOW64; Trident/7.0; rv:11.0) like Gecko"
82.15.190.59 - - [03/Mar/2018:21:29:15 +0800] "POST / HTTP/1.1" 405 178 "-" "Mozilla/5.0 (Windows NT 10.0; WOW64; Trident/7.0; rv:11.0) like Gecko"
82.15.190.59 - - [03/Mar/2018:21:31:15 +0800] "POST / HTTP/1.1" 405 178 "-" "Mozilla/5.0 (Windows NT 10.0; WOW64; Trident/7.0; rv:11.0) like Gecko"
82.15.190.59 - - [03/Mar/2018:21:33:16 +0800] "POST / HTTP/1.1" 405 178 "-" "Mozilla/5.0 (Windows NT 10.0; WOW64; Trident/7.0; rv:11.0) like Gecko"
82.15.190.59 - - [03/Mar/2018:21:35:16 +0800] "POST / HTTP/1.1" 405 178 "-" "Mozilla/5.0 (Windows NT 10.0; WOW64; Trident/7.0; rv:11.0) like Gecko"
82.15.190.59 - - [03/Mar/2018:21:37:17 +0800] "POST / HTTP/1.1" 405 178 "-" "Mozilla/5.0 (Windows NT 10.0; WOW64; Trident/7.0; rv:11.0) like Gecko"
82.15.190.59 - - [03/Mar/2018:21:39:18 +0800] "POST / HTTP/1.1" 405 178 "-" "Mozilla/5.0 (Windows NT 10.0; WOW64; Trident/7.0; rv:11.0) like Gecko"
82.15.190.59 - - [03/Mar/2018:21:41:18 +0800] "POST / HTTP/1.1" 405 178 "-" "Mozilla/5.0 (Windows NT 10.0; WOW64; Trident/7.0; rv:11.0) like Gecko"
82.15.190.59 - - [03/Mar/2018:21:43:19 +0800] "POST / HTTP/1.1" 405 178 "-" "Mozilla/5.0 (Windows NT 10.0; WOW64; Trident/7.0; rv:11.0) like Gecko"
82.15.190.59 - - [03/Mar/2018:21:45:20 +0800] "POST / HTTP/1.1" 405 178 "-" "Mozilla/5.0 (Windows NT 10.0; WOW64; Trident/7.0; rv:11.0) like Gecko"
82.15.190.59 - - [03/Mar/2018:21:47:20 +0800] "POST / HTTP/1.1" 405 178 "-" "Mozilla/5.0 (Windows NT 10.0; WOW64; Trident/7.0; rv:11.0) like Gecko"
82.15.190.59 - - [03/Mar/2018:21:49:21 +0800] "POST / HTTP/1.1" 405 178 "-" "Mozilla/5.0 (Windows NT 10.0; WOW64; Trident/7.0; rv:11.0) like Gecko"
82.15.190.59 - - [03/Mar/2018:21:51:22 +0800] "POST / HTTP/1.1" 405 178 "-" "Mozilla/5.0 (Windows NT 10.0; WOW64; Trident/7.0; rv:11.0) like Gecko"
82.15.190.59 - - [03/Mar/2018:21:53:22 +0800] "POST / HTTP/1.1" 405 178 "-" "Mozilla/5.0 (Windows NT 10.0; WOW64; Trident/7.0; rv:11.0) like Gecko"
82.15.190.59 - - [03/Mar/2018:21:55:23 +0800] "POST / HTTP/1.1" 405 178 "-" "Mozilla/5.0 (Windows NT 10.0; WOW64; Trident/7.0; rv:11.0) like Gecko"
82.15.190.59 - - [03/Mar/2018:21:57:24 +0800] "POST / HTTP/1.1" 405 178 "-" "Mozilla/5.0 (Windows NT 10.0; WOW64; Trident/7.0; rv:11.0) like Gecko"
82.15.190.59 - - [03/Mar/2018:21:59:24 +0800] "POST / HTTP/1.1" 405 178 "-" "Mozilla/5.0 (Windows NT 10.0; WOW64; Trident/7.0; rv:11.0) like Gecko"
82.15.190.59 - - [03/Mar/2018:22:01:25 +0800] "POST / HTTP/1.1" 405 178 "-" "Mozilla/5.0 (Windows NT 10.0; WOW64; Trident/7.0; rv:11.0) like Gecko"
82.15.190.59 - - [03/Mar/2018:22:03:25 +0800] "POST / HTTP/1.1" 405 178 "-" "Mozilla/5.0 (Windows NT 10.0; WOW64; Trident/7.0; rv:11.0) like Gecko"
82.15.190.59 - - [03/Mar/2018:22:05:26 +0800] "POST / HTTP/1.1" 405 178 "-" "Mozilla/5.0 (Windows NT 10.0; WOW64; Trident/7.0; rv:11.0) like Gecko"
82.15.190.59 - - [03/Mar/2018:22:07:27 +0800] "POST / HTTP/1.1" 405 178 "-" "Mozilla/5.0 (Windows NT 10.0; WOW64; Trident/7.0; rv:11.0) like Gecko"
163.177.13.2 - - [03/Mar/2018:22:08:34 +0800] "HEAD / HTTP/1.1" 200 0 "-" "curl/7.19.7 (x86_64-redhat-linux-gnu) libcurl/7.19.7 NSS/3.13.1.0 zlib/1.2.3 libidn/1.18 libssh2/1.2.2"
82.15.190.59 - - [03/Mar/2018:22:09:27 +0800] "POST / HTTP/1.1" 405 178 "-" "Mozilla/5.0 (Windows NT 10.0; WOW64; Trident/7.0; rv:11.0) like Gecko"
82.15.190.59 - - [03/Mar/2018:22:11:28 +0800] "POST / HTTP/1.1" 405 178 "-" "Mozilla/5.0 (Windows NT 10.0; WOW64; Trident/7.0; rv:11.0) like Gecko"
82.15.190.59 - - [03/Mar/2018:22:13:29 +0800] "POST / HTTP/1.1" 405 178 "-" "Mozilla/5.0 (Windows NT 10.0; WOW64; Trident/7.0; rv:11.0) like Gecko"
82.15.190.59 - - [03/Mar/2018:22:15:29 +0800] "POST / HTTP/1.1" 405 178 "-" "Mozilla/5.0 (Windows NT 10.0; WOW64; Trident/7.0; rv:11.0) like Gecko"
82.15.190.59 - - [03/Mar/2018:22:17:30 +0800] "POST / HTTP/1.1" 405 178 "-" "Mozilla/5.0 (Windows NT 10.0; WOW64; Trident/7.0; rv:11.0) like Gecko"
82.15.190.59 - - [03/Mar/2018:22:19:30 +0800] "POST / HTTP/1.1" 405 178 "-" "Mozilla/5.0 (Windows NT 10.0; WOW64; Trident/7.0; rv:11.0) like Gecko"
82.15.190.59 - - [03/Mar/2018:22:21:31 +0800] "POST / HTTP/1.1" 405 178 "-" "Mozilla/5.0 (Windows NT 10.0; WOW64; Trident/7.0; rv:11.0) like Gecko"
82.15.190.59 - - [03/Mar/2018:22:23:32 +0800] "POST / HTTP/1.1" 405 178 "-" "Mozilla/5.0 (Windows NT 10.0; WOW64; Trident/7.0; rv:11.0) like Gecko"
82.15.190.59 - - [03/Mar/2018:22:25:32 +0800] "POST / HTTP/1.1" 405 178 "-" "Mozilla/5.0 (Windows NT 10.0; WOW64; Trident/7.0; rv:11.0) like Gecko"
82.15.190.59 - - [03/Mar/2018:22:27:33 +0800] "POST / HTTP/1.1" 405 178 "-" "Mozilla/5.0 (Windows NT 10.0; WOW64; Trident/7.0; rv:11.0) like Gecko"
163.177.13.2 - - [03/Mar/2018:22:27:54 +0800] "HEAD / HTTP/1.1" 200 0 "-" "curl/7.19.7 (x86_64-redhat-linux-gnu) libcurl/7.19.7 NSS/3.13.1.0 zlib/1.2.3 libidn/1.18 libssh2/1.2.2"
82.15.190.59 - - [03/Mar/2018:22:29:34 +0800] "POST / HTTP/1.1" 405 178 "-" "Mozilla/5.0 (Windows NT 10.0; WOW64; Trident/7.0; rv:11.0) like Gecko"
82.15.190.59 - - [03/Mar/2018:22:31:34 +0800] "POST / HTTP/1.1" 405 178 "-" "Mozilla/5.0 (Windows NT 10.0; WOW64; Trident/7.0; rv:11.0) like Gecko"
82.15.190.59 - - [03/Mar/2018:22:33:35 +0800] "POST / HTTP/1.1" 405 178 "-" "Mozilla/5.0 (Windows NT 10.0; WOW64; Trident/7.0; rv:11.0) like Gecko"
82.15.190.59 - - [03/Mar/2018:22:35:36 +0800] "POST / HTTP/1.1" 405 178 "-" "Mozilla/5.0 (Windows NT 10.0; WOW64; Trident/7.0; rv:11.0) like Gecko"
82.15.190.59 - - [03/Mar/2018:22:37:37 +0800] "POST / HTTP/1.1" 405 178 "-" "Mozilla/5.0 (Windows NT 10.0; WOW64; Trident/7.0; rv:11.0) like Gecko"
82.15.190.59 - - [03/Mar/2018:22:39:37 +0800] "POST / HTTP/1.1" 405 178 "-" "Mozilla/5.0 (Windows NT 10.0; WOW64; Trident/7.0; rv:11.0) like Gecko"
82.15.190.59 - - [03/Mar/2018:22:41:38 +0800] "POST / HTTP/1.1" 405 178 "-" "Mozilla/5.0 (Windows NT 10.0; WOW64; Trident/7.0; rv:11.0) like Gecko"
82.15.190.59 - - [03/Mar/2018:22:43:39 +0800] "POST / HTTP/1.1" 405 178 "-" "Mozilla/5.0 (Windows NT 10.0; WOW64; Trident/7.0; rv:11.0) like Gecko"
82.15.190.59 - - [03/Mar/2018:22:45:39 +0800] "POST / HTTP/1.1" 405 178 "-" "Mozilla/5.0 (Windows NT 10.0; WOW64; Trident/7.0; rv:11.0) like Gecko"
58.255.203.37 - - [03/Mar/2018:22:47:36 +0800] "GET / HTTP/1.1" 200 6344 "http://118.89.52.182/detail/8/" "Mozilla/5.0 (Windows NT 6.1; Win64; x64) AppleWebKit/537.36 (KHTML, like Gecko) Chrome/64.0.3282.119 Safari/537.36"
82.15.190.59 - - [03/Mar/2018:22:47:40 +0800] "POST / HTTP/1.1" 405 178 "-" "Mozilla/5.0 (Windows NT 10.0; WOW64; Trident/7.0; rv:11.0) like Gecko"
82.15.190.59 - - [03/Mar/2018:22:49:50 +0800] "POST / HTTP/1.1" 405 178 "-" "Mozilla/5.0 (Windows NT 10.0; WOW64; Trident/7.0; rv:11.0) like Gecko"
82.15.190.59 - - [03/Mar/2018:22:51:50 +0800] "POST / HTTP/1.1" 405 178 "-" "Mozilla/5.0 (Windows NT 10.0; WOW64; Trident/7.0; rv:11.0) like Gecko"
82.15.190.59 - - [03/Mar/2018:22:53:51 +0800] "POST / HTTP/1.1" 405 178 "-" "Mozilla/5.0 (Windows NT 10.0; WOW64; Trident/7.0; rv:11.0) like Gecko"
82.15.190.59 - - [03/Mar/2018:22:55:51 +0800] "POST / HTTP/1.1" 405 178 "-" "Mozilla/5.0 (Windows NT 10.0; WOW64; Trident/7.0; rv:11.0) like Gecko"
